// Jest Snapshot v1, https://goo.gl/fbAQLP

exports[`Top level App rendering test match snapshot for App 1`] = `
Object {
  "asFragment": [Function],
  "baseElement": <body>
    <div>
      <div>
        <div
          class="navbarCont"
        >
          <header
            class="navHeader"
          >
            <p
              class="home"
            >
              <a
                aria-current="page"
                class="active"
                href="/"
              >
                <svg
                  fill="currentColor"
                  height="1em"
                  stroke="currentColor"
                  stroke-width="0"
                  viewBox="0 0 24 24"
                  width="1em"
                  xmlns="http://www.w3.org/2000/svg"
                >
                  <path
                    d="M0 0h24v24H0z"
                    fill="none"
                  />
                  <path
                    d="M22 11V9L12 2 2 9v2h2v9H2v2h20v-2h-2v-9h2zm-4 9H6V9h12v11z"
                  />
                  <path
                    d="M10 14l2 3 2-3v4h2v-7h-2l-2 3-2-3H8v7h2z"
                  />
                </svg>
              </a>
            </p>
            <div
              class="headerTitle"
            >
              <p
                class="navTitle"
              >
                THE MET
              </p>
            </div>
            <nav
              class="navBar"
            >
              <ul>
                <li>
                  <a
                    aria-current="page"
                    class="active"
                    href="/"
                  >
                    Select Department  
                    <svg
                      fill="currentColor"
                      height="1em"
                      stroke="currentColor"
                      stroke-width="0"
                      viewBox="0 0 24 24"
                      width="1em"
                      xmlns="http://www.w3.org/2000/svg"
                    >
                      <path
                        d="M21.886 5.536A1.002 1.002 0 0 0 21 5H3a1.002 1.002 0 0 0-.822 1.569l9 13a.998.998 0 0 0 1.644 0l9-13a.998.998 0 0 0 .064-1.033zM12 17.243 4.908 7h14.184L12 17.243z"
                      />
                    </svg>
                  </a>
                </li>
              </ul>
            </nav>
          </header>
        </div>
        <main>
          <div
            class="mainContainer"
          >
            <div
              class="imgContainer"
            >
              <img
                alt="the met cover"
                src="the-met-collage.png"
              />
            </div>
          </div>
        </main>
      </div>
    </div>
  </body>,
  "container": <div>
    <div>
      <div
        class="navbarCont"
      >
        <header
          class="navHeader"
        >
          <p
            class="home"
          >
            <a
              aria-current="page"
              class="active"
              href="/"
            >
              <svg
                fill="currentColor"
                height="1em"
                stroke="currentColor"
                stroke-width="0"
                viewBox="0 0 24 24"
                width="1em"
                xmlns="http://www.w3.org/2000/svg"
              >
                <path
                  d="M0 0h24v24H0z"
                  fill="none"
                />
                <path
                  d="M22 11V9L12 2 2 9v2h2v9H2v2h20v-2h-2v-9h2zm-4 9H6V9h12v11z"
                />
                <path
                  d="M10 14l2 3 2-3v4h2v-7h-2l-2 3-2-3H8v7h2z"
                />
              </svg>
            </a>
          </p>
          <div
            class="headerTitle"
          >
            <p
              class="navTitle"
            >
              THE MET
            </p>
          </div>
          <nav
            class="navBar"
          >
            <ul>
              <li>
                <a
                  aria-current="page"
                  class="active"
                  href="/"
                >
                  Select Department  
                  <svg
                    fill="currentColor"
                    height="1em"
                    stroke="currentColor"
                    stroke-width="0"
                    viewBox="0 0 24 24"
                    width="1em"
                    xmlns="http://www.w3.org/2000/svg"
                  >
                    <path
                      d="M21.886 5.536A1.002 1.002 0 0 0 21 5H3a1.002 1.002 0 0 0-.822 1.569l9 13a.998.998 0 0 0 1.644 0l9-13a.998.998 0 0 0 .064-1.033zM12 17.243 4.908 7h14.184L12 17.243z"
                    />
                  </svg>
                </a>
              </li>
            </ul>
          </nav>
        </header>
      </div>
      <main>
        <div
          class="mainContainer"
        >
          <div
            class="imgContainer"
          >
            <img
              alt="the met cover"
              src="the-met-collage.png"
            />
          </div>
        </div>
      </main>
    </div>
  </div>,
  "debug": [Function],
  "findAllByAltText": [Function],
  "findAllByDisplayValue": [Function],
  "findAllByLabelText": [Function],
  "findAllByPlaceholderText": [Function],
  "findAllByRole": [Function],
  "findAllByTestId": [Function],
  "findAllByText": [Function],
  "findAllByTitle": [Function],
  "findByAltText": [Function],
  "findByDisplayValue": [Function],
  "findByLabelText": [Function],
  "findByPlaceholderText": [Function],
  "findByRole": [Function],
  "findByTestId": [Function],
  "findByText": [Function],
  "findByTitle": [Function],
  "getAllByAltText": [Function],
  "getAllByDisplayValue": [Function],
  "getAllByLabelText": [Function],
  "getAllByPlaceholderText": [Function],
  "getAllByRole": [Function],
  "getAllByTestId": [Function],
  "getAllByText": [Function],
  "getAllByTitle": [Function],
  "getByAltText": [Function],
  "getByDisplayValue": [Function],
  "getByLabelText": [Function],
  "getByPlaceholderText": [Function],
  "getByRole": [Function],
  "getByTestId": [Function],
  "getByText": [Function],
  "getByTitle": [Function],
  "queryAllByAltText": [Function],
  "queryAllByDisplayValue": [Function],
  "queryAllByLabelText": [Function],
  "queryAllByPlaceholderText": [Function],
  "queryAllByRole": [Function],
  "queryAllByTestId": [Function],
  "queryAllByText": [Function],
  "queryAllByTitle": [Function],
  "queryByAltText": [Function],
  "queryByDisplayValue": [Function],
  "queryByLabelText": [Function],
  "queryByPlaceholderText": [Function],
  "queryByRole": [Function],
  "queryByTestId": [Function],
  "queryByText": [Function],
  "queryByTitle": [Function],
  "rerender": [Function],
  "unmount": [Function],
}
`;
